---
source: crates/project-graph/tests/project_graph_test.rs
expression: graph.projects.to_dot()
---
digraph {
    0 [ label="c" style=filled, shape=oval, fillcolor=gray, fontcolor=black]
    1 [ label="b" style=filled, shape=oval, fillcolor=gray, fontcolor=black]
    2 [ label="a" style=filled, shape=oval, fillcolor=gray, fontcolor=black]
    3 [ label="d" style=filled, shape=oval, fillcolor=gray, fontcolor=black]
    1 -> 0 [ label="production" arrowhead=box, arrowtail=box]
    2 -> 1 [ label="development" arrowhead=box, arrowtail=box]
    3 -> 2 [ label="peer" arrowhead=box, arrowtail=box]
    3 -> 0 [ label="production" arrowhead=box, arrowtail=box]
    3 -> 1 [ label="build" arrowhead=box, arrowtail=box]
}
