---
source: crates/cli/tests/project_graph_test.rs
expression: assert.output()
---
digraph {
    0 [ label="emptyConfig" style=filled, shape=oval, fillcolor=gray, fontcolor=black]
    1 [ label="metadata" style=filled, shape=oval, fillcolor=gray, fontcolor=black]
    2 [ label="baz" style=filled, shape=oval, fillcolor=gray, fontcolor=black]
    3 [ label="tasks" style=filled, shape=oval, fillcolor=gray, fontcolor=black]
    4 [ label="noConfig" style=filled, shape=oval, fillcolor=gray, fontcolor=black]
    5 [ label="basic" style=filled, shape=oval, fillcolor=gray, fontcolor=black]
    6 [ label="bar" style=filled, shape=oval, fillcolor=gray, fontcolor=black]
    7 [ label="foo" style=filled, shape=oval, fillcolor=gray, fontcolor=black]
    8 [ label="advanced" style=filled, shape=oval, fillcolor=gray, fontcolor=black]
    9 [ label="platforms" style=filled, shape=oval, fillcolor=gray, fontcolor=black]
    5 -> 4 [ label="production" arrowhead=box, arrowtail=box]
    7 -> 2 [ label="production" arrowhead=box, arrowtail=box]
    7 -> 6 [ label="production" arrowhead=box, arrowtail=box]
}
