---
source: crates/cli/tests/run_test.rs
expression: assert.output()
---
▪▪▪▪ npm install
▪▪▪▪ outputStyles:hash
▪▪▪▪ outputStyles:hash (100ms)
▪▪▪▪ outputStyles:hashPrimary (no op)

Tasks: 2 completed
 Time: 100ms

091875657f8b955944c45803b2e13d536f257648e04cca859a0c38700b94764f
