---
source: crates/cli/tests/run_test.rs
expression: "[h1, h2, extract_hash_from_run(sandbox.path(), \"outputs:asDep\"),\nextract_hash_from_run(sandbox.path(), \"outputs:withDeps\")]"
---
[
    "9b83821644418128b97f4ca80ea38d073f7531d5704c09dc4ddf0118e3df8cbf",
    "1e0aa381a5657c612d921b945b4ada7c2176b62ef9f336e4f7d9cab121a270f9",
    "f01e61ef51d40759363813b476a8b3b53d8ecdbe3f575708388d50cbfc390d1b",
    "b888471e3a4d5ebfd469efe4a77ab0d8dfe0655efc3f0743b94c3f8738cda5f7",
]
